../../src/ieee2008/numeric_std-body.vhdl:3036:7:@0ms:(assertion warning): NUMERIC_STD.TO_INTEGER: metavalue detected, returning 0
../../src/ieee2008/numeric_std-body.vhdl:1289:7:@0ms:(assertion warning): NUMERIC_STD.">": metavalue detected, returning FALSE
../../src/ieee2008/numeric_std-body.vhdl:1441:7:@0ms:(assertion warning): NUMERIC_STD."<": metavalue detected, returning FALSE
../../src/ieee2008/numeric_std-body.vhdl:1289:7:@0ms:(assertion warning): NUMERIC_STD.">": metavalue detected, returning FALSE
../../src/ieee2008/numeric_std-body.vhdl:1441:7:@0ms:(assertion warning): NUMERIC_STD."<": metavalue detected, returning FALSE
../../src/ieee2008/numeric_std-body.vhdl:1289:7:@0ms:(assertion warning): NUMERIC_STD.">": metavalue detected, returning FALSE
../../src/ieee2008/numeric_std-body.vhdl:1441:7:@0ms:(assertion warning): NUMERIC_STD."<": metavalue detected, returning FALSE
==============================================
INIEZIONE 100 PARTICELLE - MONITOR IMMEDIATO
Aspettativa: ID in hex = 8, 10, 18, 20, 28...
            (in dec: 8, 16, 24, 32, 40...)
==============================================
Ciclo 2: Inject ID=0x0000000000000008 (8 dec)
Ciclo 4: Inject ID=0x0000000000000010 (16 dec)
Ciclo 6: Inject ID=0x0000000000000018 (24 dec)
Ciclo 8: Inject ID=0x0000000000000020 (32 dec)
Ciclo 10: Inject ID=0x0000000000000028 (40 dec)
Ciclo 12: Inject ID=0x0000000000000030 (48 dec)
Ciclo 14: Inject ID=0x0000000000000038 (56 dec)
Ciclo 16: Inject ID=0x0000000000000040 (64 dec)
Ciclo 18: Inject ID=0x0000000000000048 (72 dec)
Ciclo 20: Inject ID=0x0000000000000050 (80 dec)
Ciclo 22: Inject ID=0x0000000000000058 (88 dec)
Ciclo 24: Inject ID=0x0000000000000060 (96 dec)
Ciclo 26: Inject ID=0x0000000000000068 (104 dec)
Ciclo 28: Inject ID=0x0000000000000070 (112 dec)
Ciclo 30: Inject ID=0x0000000000000078 (120 dec)
Ciclo 32: Inject ID=0x0000000000000080 (128 dec)
Ciclo 34: Inject ID=0x0000000000000088 (136 dec)
Ciclo 36: Inject ID=0x0000000000000090 (144 dec)
Ciclo 38: Inject ID=0x0000000000000098 (152 dec)
Ciclo 40: Inject ID=0x00000000000000A0 (160 dec)
Ciclo 42: Inject ID=0x00000000000000A8 (168 dec)
Ciclo 44: Inject ID=0x00000000000000B0 (176 dec)
Ciclo 46: Inject ID=0x00000000000000B8 (184 dec)
Ciclo 48: Inject ID=0x00000000000000C0 (192 dec)
Ciclo 50: Inject ID=0x00000000000000C8 (200 dec)
Ciclo 52: Inject ID=0x00000000000000D0 (208 dec)
Ciclo 54: Inject ID=0x00000000000000D8 (216 dec)
Ciclo 56: Inject ID=0x00000000000000E0 (224 dec)
Ciclo 58: Inject ID=0x00000000000000E8 (232 dec)
Ciclo 60: Inject ID=0x00000000000000F0 (240 dec)
Ciclo 62: Inject ID=0x00000000000000F8 (248 dec)
Ciclo 64: Inject ID=0x0000000000000100 (256 dec)
Ciclo 66: Inject ID=0x0000000000000108 (264 dec)
Ciclo 68: Inject ID=0x0000000000000110 (272 dec)
Ciclo 70: Inject ID=0x0000000000000118 (280 dec)
Ciclo 72: Inject ID=0x0000000000000120 (288 dec)
Ciclo 74: Inject ID=0x0000000000000128 (296 dec)
Ciclo 76: Inject ID=0x0000000000000130 (304 dec)
Ciclo 78: Inject ID=0x0000000000000138 (312 dec)
Ciclo 80: Inject ID=0x0000000000000140 (320 dec)
Ciclo 82: Inject ID=0x0000000000000148 (328 dec)
Ciclo 84: Inject ID=0x0000000000000150 (336 dec)
Ciclo 86: Inject ID=0x0000000000000158 (344 dec)
Ciclo 88: Inject ID=0x0000000000000160 (352 dec)
Ciclo 90: Inject ID=0x0000000000000168 (360 dec)
Ciclo 92: Inject ID=0x0000000000000170 (368 dec)
Ciclo 94: Inject ID=0x0000000000000178 (376 dec)
Ciclo 96: Inject ID=0x0000000000000180 (384 dec)
Ciclo 98: Inject ID=0x0000000000000188 (392 dec)
Ciclo 100: Inject ID=0x0000000000000190 (400 dec)
Ciclo 102: Inject ID=0x0000000000000198 (408 dec)
Ciclo 104: Inject ID=0x00000000000001A0 (416 dec)
Ciclo 106: Inject ID=0x00000000000001A8 (424 dec)
Advancement, Id: 56 dist: 001976782504B2E9
Ciclo 108: Inject ID=0x00000000000001B0 (432 dec)
Ciclo 110: Inject ID=0x00000000000001B8 (440 dec)
Advancement, Id: 64 dist: 003B8CA541305487
Ciclo 112: Inject ID=0x00000000000001C0 (448 dec)
Advancement, Id: 72 dist: 0116503EF6F5F2A1
Ciclo 114: Inject ID=0x00000000000001C8 (456 dec)
Ciclo 116: Inject ID=0x00000000000001D0 (464 dec)
Advancement, Id: 80 dist: 00037A4057CEE767
Ciclo 118: Inject ID=0x00000000000001D8 (472 dec)
Advancement, Id: 88 dist: 002FFF77DC159513
Ciclo 120: Inject ID=0x00000000000001E0 (480 dec)
Ciclo 122: Inject ID=0x00000000000001E8 (488 dec)
Advancement, Id: 96 dist: 00259A830E8B9F8E
Ciclo 124: Inject ID=0x00000000000001F0 (496 dec)
Advancement, Id: 104 dist: 000E1AA8C9AF313E
Ciclo 126: Inject ID=0x00000000000001F8 (504 dec)
Ciclo 128: Inject ID=0x0000000000000200 (512 dec)
Advancement, Id: 112 dist: 0008CDC6B4226B38
Ciclo 130: Inject ID=0x0000000000000208 (520 dec)
Advancement, Id: 120 dist: 0039690A16132BBE
Ciclo 132: Inject ID=0x0000000000000210 (528 dec)
Ciclo 134: Inject ID=0x0000000000000218 (536 dec)
Advancement, Id: 128 dist: 0006D0FA624D766F
Ciclo 136: Inject ID=0x0000000000000220 (544 dec)
Advancement, Id: 136 dist: 008D654965449DDB
Ciclo 138: Inject ID=0x0000000000000228 (552 dec)
Ciclo 140: Inject ID=0x0000000000000230 (560 dec)
Advancement, Id: 144 dist: 00C0EE28CDECEA6D
Ciclo 142: Inject ID=0x0000000000000238 (568 dec)
Advancement, Id: 152 dist: 00287C47F39F574E
Ciclo 144: Inject ID=0x0000000000000240 (576 dec)
Ciclo 146: Inject ID=0x0000000000000248 (584 dec)
Advancement, Id: 160 dist: 00291DC2CB21870F
Ciclo 148: Inject ID=0x0000000000000250 (592 dec)
Advancement, Id: 168 dist: 000DEC130F7BA4A0
Ciclo 150: Inject ID=0x0000000000000258 (600 dec)
Ciclo 152: Inject ID=0x0000000000000260 (608 dec)
Advancement, Id: 176 dist: 00609FF25E9544AD
Ciclo 154: Inject ID=0x0000000000000268 (616 dec)
Advancement, Id: 184 dist: 0004FB1B1951D939
Ciclo 156: Inject ID=0x0000000000000270 (624 dec)
Ciclo 158: Inject ID=0x0000000000000278 (632 dec)
Advancement, Id: 192 dist: 00346DEC313C80C6
Ciclo 160: Inject ID=0x0000000000000280 (640 dec)
Advancement, Id: 200 dist: 00098476E65092EE
Ciclo 162: Inject ID=0x0000000000000288 (648 dec)
Ciclo 164: Inject ID=0x0000000000000290 (656 dec)
Advancement, Id: 208 dist: 007242638C726144
Ciclo 166: Inject ID=0x0000000000000298 (664 dec)
Advancement, Id: 216 dist: 00124DE3BB452C06
Ciclo 168: Inject ID=0x00000000000002A0 (672 dec)
Ciclo 170: Inject ID=0x00000000000002A8 (680 dec)
Advancement, Id: 224 dist: 00036B035C6DF091
Ciclo 172: Inject ID=0x00000000000002B0 (688 dec)
Advancement, Id: 232 dist: 00213EF5D241EE25
Ciclo 174: Inject ID=0x00000000000002B8 (696 dec)
Interaction: SCATTER, Id: 56
Ciclo 176: Inject ID=0x00000000000002C0 (704 dec)
Advancement, Id: 240 dist: 00069336C71AB31D
Interaction: SCATTER, Id: 64
Ciclo 179: Inject ID=0x00000000000002C8 (712 dec)
Advancement, Id: 248 dist: 00217949B678890B
Interaction: SCATTER, Id: 72
Ciclo 182: Inject ID=0x00000000000002D0 (720 dec)
Advancement, Id: 256 dist: 000BBAE44486703C
Interaction: FISSION, Parent Id: 80, n:2
DEBUG: After shift, base ID = 640
  -> Child Created (Immediate), Id: 641
Ciclo 185: Inject ID=0x00000000000002D8 (728 dec)
[TRACE] Id: 642 Event: FISSION PRODUCT (Bank)
Advancement, Id: 264 dist: 000E0D924C690499
Interaction: SCATTER, Id: 88
Advancement, Id: 272 dist: 0103500D0A3EAC85
Interaction: SCATTER, Id: 96
Ciclo 191: Inject ID=0x00000000000002E8 (744 dec)
Advancement, Id: 280 dist: 001976782504B2E9
Interaction: SCATTER, Id: 104
Ciclo 194: Inject ID=0x00000000000002F0 (752 dec)
Advancement, Id: 288 dist: 003B8CA541305487
Interaction: FISSION, Parent Id: 112, n:2
DEBUG: After shift, base ID = 896
  -> Child Created (Immediate), Id: 897
Ciclo 197: Inject ID=0x00000000000002F8 (760 dec)
[TRACE] Id: 898 Event: FISSION PRODUCT (Bank)
Advancement, Id: 296 dist: 0116503EF6F5F2A1
Interaction: SCATTER, Id: 120
Advancement, Id: 304 dist: 00037A4057CEE767
Interaction: SCATTER, Id: 128
Ciclo 203: Inject ID=0x0000000000000308 (776 dec)
Advancement, Id: 312 dist: 002FFF77DC159513
Interaction: SCATTER, Id: 136
Ciclo 206: Inject ID=0x0000000000000310 (784 dec)
Advancement, Id: 320 dist: 00259A830E8B9F8E
Interaction: SCATTER, Id: 144
Ciclo 209: Inject ID=0x0000000000000318 (792 dec)
Advancement, Id: 328 dist: 000E1AA8C9AF313E
==============================================
Fine iniezione. Ciclo corrente: 212
==============================================
Interaction: SCATTER, Id: 152
Ciclo 212: Inject ID=0x0000000000000320 (800 dec)
Advancement, Id: 336 dist: 0008CDC6B4226B38
Interaction: SCATTER, Id: 160
Advancement, Id: 344 dist: 0039690A16132BBE
Interaction: SCATTER, Id: 168
Advancement, Id: 352 dist: 0006D0FA624D766F
Interaction: ABSORPTION, Id: 176
Advancement, Id: 360 dist: 008D654965449DDB
Interaction: SCATTER, Id: 184
Advancement, Id: 368 dist: 00C0EE28CDECEA6D
Interaction: SCATTER, Id: 192
Advancement, Id: 376 dist: 00287C47F39F574E
Interaction: ABSORPTION, Id: 200
Advancement, Id: 384 dist: 00291DC2CB21870F
Interaction: SCATTER, Id: 208
Advancement, Id: 392 dist: 000DEC130F7BA4A0
Interaction: SCATTER, Id: 216
Advancement, Id: 400 dist: 00609FF25E9544AD
Interaction: SCATTER, Id: 224
Advancement, Id: 408 dist: 0004FB1B1951D939
Interaction: SCATTER, Id: 232
Advancement, Id: 416 dist: 00346DEC313C80C6
Interaction: SCATTER, Id: 240
Advancement, Id: 424 dist: 00098476E65092EE
Interaction: SCATTER, Id: 248
Advancement, Id: 432 dist: 007242638C726144
Interaction: SCATTER, Id: 256
Advancement, Id: 440 dist: 00124DE3BB452C06
Interaction: ABSORPTION, Id: 264
Advancement, Id: 448 dist: 00036B035C6DF091
Interaction: ABSORPTION, Id: 272
Advancement, Id: 456 dist: 00213EF5D241EE25
Interaction: SCATTER, Id: 280
Advancement, Id: 464 dist: 00069336C71AB31D
Interaction: SCATTER, Id: 288
Advancement, Id: 472 dist: 00217949B678890B
Interaction: SCATTER, Id: 296
Advancement, Id: 480 dist: 000BBAE44486703C
Interaction: FISSION, Parent Id: 304, n:2
DEBUG: After shift, base ID = 2432
  -> Child Created (Immediate), Id: 2433
[TRACE] Id: 2434 Event: FISSION PRODUCT (Bank)
Advancement, Id: 488 dist: 0533B39ABFC7C33E
Interaction: SCATTER, Id: 312
Advancement, Id: 496 dist: 0533B39ABFC7C33E
Interaction: SCATTER, Id: 320
Advancement, Id: 504 dist: 0533B39ABFC7C33E
Interaction: SCATTER, Id: 328
Advancement, Id: 512 dist: 0533B39ABFC7C33E
Interaction: FISSION, Parent Id: 336, n:2
DEBUG: After shift, base ID = 2688
  -> Child Created (Immediate), Id: 2689
[TRACE] Id: 2690 Event: FISSION PRODUCT (Bank)
Advancement, Id: 520 dist: 0533B39ABFC7C33E
Interaction: SCATTER, Id: 344
Advancement, Id: 528 dist: 0533B39ABFC7C33E
Interaction: SCATTER, Id: 352
Advancement, Id: 536 dist: 0533B39ABFC7C33E
Interaction: SCATTER, Id: 360
Advancement, Id: 544 dist: 00217949B678890B
Interaction: SCATTER, Id: 368
Advancement, Id: 552 dist: 000BBAE44486703C
Interaction: SCATTER, Id: 376
Advancement, Id: 560 dist: 000E0D924C690499
Interaction: SCATTER, Id: 384
Advancement, Id: 568 dist: 0103500D0A3EAC85
Interaction: SCATTER, Id: 392
Advancement, Id: 576 dist: 001976782504B2E9
Interaction: ABSORPTION, Id: 400
Advancement, Id: 584 dist: 003B8CA541305487
Interaction: SCATTER, Id: 408
Advancement, Id: 592 dist: 0116503EF6F5F2A1
Interaction: SCATTER, Id: 416
Advancement, Id: 600 dist: 00037A4057CEE767
Interaction: ABSORPTION, Id: 424
Advancement, Id: 608 dist: 002FFF77DC159513
Interaction: SCATTER, Id: 432
Advancement, Id: 616 dist: 00259A830E8B9F8E
Interaction: SCATTER, Id: 440
Advancement, Id: 624 dist: 000E1AA8C9AF313E
Interaction: SCATTER, Id: 448
Advancement, Id: 632 dist: 0008CDC6B4226B38
Interaction: SCATTER, Id: 456
Advancement, Id: 640 dist: 0039690A16132BBE
Interaction: SCATTER, Id: 464
Advancement, Id: 648 dist: 0006D0FA624D766F
Interaction: SCATTER, Id: 472
Advancement, Id: 656 dist: 008D654965449DDB
Interaction: SCATTER, Id: 480
Advancement, Id: 664 dist: 00C0EE28CDECEA6D
Interaction: SURFACE_LEAK, Id: 488
Advancement, Id: 672 dist: 00287C47F39F574E
Interaction: SURFACE_LEAK, Id: 496
Advancement, Id: 680 dist: 00291DC2CB21870F
Interaction: SURFACE_LEAK, Id: 504
Advancement, Id: 688 dist: 000DEC130F7BA4A0
Interaction: SURFACE_LEAK, Id: 512
Advancement, Id: 696 dist: 00609FF25E9544AD
Interaction: SURFACE_LEAK, Id: 520
Advancement, Id: 704 dist: 0004FB1B1951D939
Interaction: SURFACE_LEAK, Id: 528
Advancement, Id: 56 dist: 00346DEC313C80C6
Interaction: SURFACE_LEAK, Id: 536
Advancement, Id: 712 dist: 00098476E65092EE
Interaction: SCATTER, Id: 544
Advancement, Id: 64 dist: 007242638C726144
Interaction: SCATTER, Id: 552
Advancement, Id: 720 dist: 00124DE3BB452C06
Interaction: ABSORPTION, Id: 560
Advancement, Id: 72 dist: 00036B035C6DF091
Interaction: ABSORPTION, Id: 568
Advancement, Id: 728 dist: 00213EF5D241EE25
Interaction: SCATTER, Id: 576
Advancement, Id: 641 dist: 00069336C71AB31D
Interaction: SCATTER, Id: 584
Advancement, Id: 642 dist: 00217949B678890B
Interaction: SCATTER, Id: 592
Advancement, Id: 88 dist: 000BBAE44486703C
Interaction: FISSION, Parent Id: 600, n:2
DEBUG: After shift, base ID = 4800
  -> Child Created (Immediate), Id: 4801
[TRACE] Id: 4802 Event: FISSION PRODUCT (Bank)
Advancement, Id: 744 dist: 000E0D924C690499
Interaction: SCATTER, Id: 608
Advancement, Id: 96 dist: 0103500D0A3EAC85
Interaction: SCATTER, Id: 616
Advancement, Id: 752 dist: 001976782504B2E9
Interaction: SCATTER, Id: 624
Advancement, Id: 104 dist: 003B8CA541305487
Interaction: FISSION, Parent Id: 632, n:2
DEBUG: After shift, base ID = 5056
  -> Child Created (Immediate), Id: 5057
[TRACE] Id: 5058 Event: FISSION PRODUCT (Bank)
Advancement, Id: 760 dist: 0116503EF6F5F2A1
Interaction: SCATTER, Id: 640
Advancement, Id: 897 dist: 00037A4057CEE767
Interaction: SCATTER, Id: 648
Advancement, Id: 898 dist: 002FFF77DC159513
Interaction: SCATTER, Id: 656
Advancement, Id: 120 dist: 00259A830E8B9F8E
Interaction: SCATTER, Id: 664
Advancement, Id: 776 dist: 000E1AA8C9AF313E
Interaction: SCATTER, Id: 672
Advancement, Id: 128 dist: 0008CDC6B4226B38
Interaction: SCATTER, Id: 680
Advancement, Id: 784 dist: 0039690A16132BBE
Interaction: SCATTER, Id: 688
Advancement, Id: 136 dist: 0006D0FA624D766F
Interaction: ABSORPTION, Id: 696
Advancement, Id: 792 dist: 008D654965449DDB
Interaction: SCATTER, Id: 704
Advancement, Id: 144 dist: 00C0EE28CDECEA6D
Interaction: SCATTER, Id: 56
Advancement, Id: 800 dist: 00287C47F39F574E
Interaction: ABSORPTION, Id: 712
Advancement, Id: 152 dist: 00291DC2CB21870F
Interaction: SCATTER, Id: 64
Advancement, Id: 160 dist: 000DEC130F7BA4A0
Interaction: SCATTER, Id: 720
Advancement, Id: 168 dist: 00609FF25E9544AD
Interaction: SCATTER, Id: 72
Advancement, Id: 184 dist: 0004FB1B1951D939
Interaction: SCATTER, Id: 728
Advancement, Id: 192 dist: 00346DEC313C80C6
Interaction: SCATTER, Id: 641
Advancement, Id: 208 dist: 00098476E65092EE
Interaction: SCATTER, Id: 642
Advancement, Id: 216 dist: 007242638C726144
Interaction: SCATTER, Id: 88
Advancement, Id: 224 dist: 00124DE3BB452C06
Interaction: ABSORPTION, Id: 744
Advancement, Id: 232 dist: 00036B035C6DF091
Interaction: ABSORPTION, Id: 96
Advancement, Id: 240 dist: 00213EF5D241EE25
Interaction: SCATTER, Id: 752
Advancement, Id: 248 dist: 00069336C71AB31D
Interaction: SCATTER, Id: 104
Advancement, Id: 256 dist: 00217949B678890B
Interaction: SCATTER, Id: 760
Advancement, Id: 280 dist: 000BBAE44486703C
Interaction: FISSION, Parent Id: 897, n:2
DEBUG: After shift, base ID = 7176
  -> Child Created (Immediate), Id: 7177
[TRACE] Id: 7178 Event: FISSION PRODUCT (Bank)
Advancement, Id: 288 dist: 0533B39ABFC7C33E
Interaction: SCATTER, Id: 898
Advancement, Id: 296 dist: 0533B39ABFC7C33E
Interaction: SCATTER, Id: 120
Advancement, Id: 2433 dist: 0533B39ABFC7C33E
Interaction: SCATTER, Id: 776
Advancement, Id: 2434 dist: 0533B39ABFC7C33E
Interaction: FISSION, Parent Id: 128, n:2
DEBUG: After shift, base ID = 1024
  -> Child Created (Immediate), Id: 1025
[TRACE] Id: 1026 Event: FISSION PRODUCT (Bank)
Advancement, Id: 312 dist: 0533B39ABFC7C33E
Interaction: SCATTER, Id: 784
Advancement, Id: 320 dist: 0533B39ABFC7C33E
Interaction: SCATTER, Id: 136
Advancement, Id: 328 dist: 0533B39ABFC7C33E
Interaction: SCATTER, Id: 792
Advancement, Id: 2689 dist: 00217949B678890B
Interaction: SCATTER, Id: 144
Advancement, Id: 2690 dist: 000BBAE44486703C
Interaction: SCATTER, Id: 800
Advancement, Id: 344 dist: 000E0D924C690499
Interaction: SCATTER, Id: 152
Advancement, Id: 352 dist: 0103500D0A3EAC85
Interaction: SCATTER, Id: 160
Advancement, Id: 360 dist: 001976782504B2E9
Interaction: ABSORPTION, Id: 168
Advancement, Id: 368 dist: 003B8CA541305487
Interaction: SCATTER, Id: 184
Advancement, Id: 376 dist: 0116503EF6F5F2A1
Interaction: SCATTER, Id: 192
Advancement, Id: 384 dist: 00037A4057CEE767
Interaction: ABSORPTION, Id: 208
Advancement, Id: 392 dist: 002FFF77DC159513
Interaction: SCATTER, Id: 216
Advancement, Id: 408 dist: 00259A830E8B9F8E
Interaction: SCATTER, Id: 224
Advancement, Id: 416 dist: 000E1AA8C9AF313E
Interaction: SCATTER, Id: 232
Advancement, Id: 432 dist: 0008CDC6B4226B38
Interaction: SCATTER, Id: 240
Advancement, Id: 440 dist: 0039690A16132BBE
Interaction: SCATTER, Id: 248
Advancement, Id: 448 dist: 0006D0FA624D766F
Interaction: SCATTER, Id: 256
Advancement, Id: 456 dist: 008D654965449DDB
Interaction: SCATTER, Id: 280
Advancement, Id: 464 dist: 00C0EE28CDECEA6D
Interaction: ABSORPTION, Id: 288
Advancement, Id: 472 dist: 00287C47F39F574E
Interaction: ABSORPTION, Id: 296
Advancement, Id: 480 dist: 00291DC2CB21870F
Interaction: SURFACE_LEAK, Id: 2433
Advancement, Id: 544 dist: 000DEC130F7BA4A0
Interaction: SURFACE_LEAK, Id: 2434
Advancement, Id: 552 dist: 00609FF25E9544AD
Interaction: SCATTER, Id: 312
Advancement, Id: 576 dist: 0004FB1B1951D939
Interaction: FISSION, Parent Id: 320, n:2
DEBUG: After shift, base ID = 2560
  -> Child Created (Immediate), Id: 2561
[TRACE] Id: 2562 Event: FISSION PRODUCT (Bank)
Advancement, Id: 584 dist: 00346DEC313C80C6
Interaction: SCATTER, Id: 328
Advancement, Id: 592 dist: 00098476E65092EE
Interaction: SCATTER, Id: 2689
Advancement, Id: 4801 dist: 007242638C726144
Interaction: SCATTER, Id: 2690
Advancement, Id: 4802 dist: 00124DE3BB452C06
Interaction: ABSORPTION, Id: 344
Advancement, Id: 608 dist: 00036B035C6DF091
Interaction: ABSORPTION, Id: 352
Advancement, Id: 616 dist: 00213EF5D241EE25
Interaction: SCATTER, Id: 360
Advancement, Id: 624 dist: 00069336C71AB31D
Interaction: SCATTER, Id: 368
Advancement, Id: 5057 dist: 00217949B678890B
Interaction: SCATTER, Id: 376
Advancement, Id: 5058 dist: 000BBAE44486703C
Interaction: FISSION, Parent Id: 384, n:2
DEBUG: After shift, base ID = 3072
  -> Child Created (Immediate), Id: 3073
[TRACE] Id: 3074 Event: FISSION PRODUCT (Bank)
Advancement, Id: 640 dist: 000E0D924C690499
Interaction: SCATTER, Id: 392
Advancement, Id: 648 dist: 0103500D0A3EAC85
Interaction: SCATTER, Id: 408
Advancement, Id: 656 dist: 001976782504B2E9
Interaction: SCATTER, Id: 416
Advancement, Id: 664 dist: 003B8CA541305487
Interaction: FISSION, Parent Id: 432, n:2
DEBUG: After shift, base ID = 3456
  -> Child Created (Immediate), Id: 3457
[TRACE] Id: 3458 Event: FISSION PRODUCT (Bank)
Advancement, Id: 672 dist: 0116503EF6F5F2A1
Interaction: SCATTER, Id: 440
Advancement, Id: 680 dist: 00037A4057CEE767
Interaction: SCATTER, Id: 448
Advancement, Id: 688 dist: 002FFF77DC159513
Interaction: SCATTER, Id: 456
Advancement, Id: 704 dist: 00259A830E8B9F8E
Interaction: SCATTER, Id: 464
Advancement, Id: 56 dist: 000E1AA8C9AF313E
Interaction: SCATTER, Id: 472
Advancement, Id: 64 dist: 0008CDC6B4226B38
Interaction: SCATTER, Id: 480
Advancement, Id: 720 dist: 0039690A16132BBE
Interaction: SCATTER, Id: 544
Advancement, Id: 72 dist: 0006D0FA624D766F
Interaction: ABSORPTION, Id: 552
Advancement, Id: 728 dist: 008D654965449DDB
Interaction: SCATTER, Id: 576
Advancement, Id: 641 dist: 00C0EE28CDECEA6D
Interaction: SCATTER, Id: 584
Advancement, Id: 642 dist: 00287C47F39F574E
Interaction: ABSORPTION, Id: 592
Advancement, Id: 88 dist: 00291DC2CB21870F
Interaction: SCATTER, Id: 4801
Advancement, Id: 752 dist: 000DEC130F7BA4A0
Interaction: SCATTER, Id: 4802
Advancement, Id: 104 dist: 00609FF25E9544AD
Interaction: SCATTER, Id: 608
Advancement, Id: 760 dist: 0004FB1B1951D939
Interaction: SCATTER, Id: 616
Advancement, Id: 7177 dist: 00346DEC313C80C6
Interaction: SCATTER, Id: 624
Advancement, Id: 7178 dist: 00098476E65092EE
Interaction: SCATTER, Id: 5057
Advancement, Id: 898 dist: 007242638C726144
Interaction: SCATTER, Id: 5058
Advancement, Id: 120 dist: 00124DE3BB452C06
Interaction: ABSORPTION, Id: 640
Advancement, Id: 776 dist: 00036B035C6DF091
Interaction: ABSORPTION, Id: 648
Advancement, Id: 1025 dist: 00213EF5D241EE25
Interaction: SCATTER, Id: 656
Advancement, Id: 1026 dist: 00069336C71AB31D
Interaction: SCATTER, Id: 664
Advancement, Id: 784 dist: 00217949B678890B
Interaction: SCATTER, Id: 672
Advancement, Id: 136 dist: 000BBAE44486703C
Interaction: FISSION, Parent Id: 680, n:2
DEBUG: After shift, base ID = 5440
  -> Child Created (Immediate), Id: 5441
[TRACE] Id: 5442 Event: FISSION PRODUCT (Bank)
Advancement, Id: 792 dist: 0533B39ABFC7C33E
Interaction: SCATTER, Id: 688
Advancement, Id: 144 dist: 0533B39ABFC7C33E
Interaction: SCATTER, Id: 704
Advancement, Id: 800 dist: 0533B39ABFC7C33E
Interaction: SCATTER, Id: 56
Advancement, Id: 152 dist: 0533B39ABFC7C33E
Interaction: FISSION, Parent Id: 64, n:2
DEBUG: After shift, base ID = 512
  -> Child Created (Immediate), Id: 513
[TRACE] Id: 514 Event: FISSION PRODUCT (Bank)
Advancement, Id: 160 dist: 0533B39ABFC7C33E
Interaction: SCATTER, Id: 720
Advancement, Id: 184 dist: 0533B39ABFC7C33E
Interaction: SCATTER, Id: 72
Advancement, Id: 192 dist: 0533B39ABFC7C33E
Interaction: SCATTER, Id: 728
Advancement, Id: 216 dist: 00217949B678890B
Interaction: SCATTER, Id: 641
Advancement, Id: 224 dist: 000BBAE44486703C
Interaction: SCATTER, Id: 642
Advancement, Id: 232 dist: 000E0D924C690499
Interaction: SCATTER, Id: 88
Advancement, Id: 240 dist: 0103500D0A3EAC85
Interaction: SCATTER, Id: 752
Advancement, Id: 248 dist: 001976782504B2E9
Interaction: ABSORPTION, Id: 104
Advancement, Id: 256 dist: 003B8CA541305487
Interaction: SCATTER, Id: 760
Advancement, Id: 280 dist: 0116503EF6F5F2A1
Interaction: SCATTER, Id: 7177
Advancement, Id: 312 dist: 00037A4057CEE767
Interaction: ABSORPTION, Id: 7178
Advancement, Id: 2561 dist: 002FFF77DC159513
Interaction: SCATTER, Id: 898
Advancement, Id: 2562 dist: 00259A830E8B9F8E
Interaction: SCATTER, Id: 120
Advancement, Id: 328 dist: 000E1AA8C9AF313E
Interaction: SCATTER, Id: 776
Advancement, Id: 2689 dist: 0008CDC6B4226B38
Interaction: SCATTER, Id: 1025
Advancement, Id: 2690 dist: 0039690A16132BBE
Interaction: SCATTER, Id: 1026
Advancement, Id: 360 dist: 0006D0FA624D766F
Interaction: SCATTER, Id: 784
Advancement, Id: 368 dist: 008D654965449DDB
Interaction: SCATTER, Id: 136
Advancement, Id: 376 dist: 00C0EE28CDECEA6D
Interaction: SURFACE_LEAK, Id: 792
Advancement, Id: 3073 dist: 00287C47F39F574E
Interaction: ABSORPTION, Id: 144
Advancement, Id: 3074 dist: 00291DC2CB21870F
Interaction: SURFACE_LEAK, Id: 800
Advancement, Id: 392 dist: 000DEC130F7BA4A0
Interaction: SURFACE_LEAK, Id: 152
Advancement, Id: 408 dist: 00609FF25E9544AD
Interaction: SURFACE_LEAK, Id: 160
Advancement, Id: 416 dist: 0004FB1B1951D939
Interaction: FISSION, Parent Id: 184, n:2
DEBUG: After shift, base ID = 1472
  -> Child Created (Immediate), Id: 1473
[TRACE] Id: 1474 Event: FISSION PRODUCT (Bank)
Advancement, Id: 3457 dist: 00346DEC313C80C6
Interaction: SURFACE_LEAK, Id: 192
Advancement, Id: 3458 dist: 00098476E65092EE
Interaction: SCATTER, Id: 216
Advancement, Id: 440 dist: 007242638C726144
Interaction: SCATTER, Id: 224
Advancement, Id: 448 dist: 00124DE3BB452C06
Interaction: ABSORPTION, Id: 232
Advancement, Id: 456 dist: 00036B035C6DF091
Interaction: ABSORPTION, Id: 240
Advancement, Id: 464 dist: 00213EF5D241EE25
Interaction: SCATTER, Id: 248
Advancement, Id: 472 dist: 00069336C71AB31D
Interaction: SCATTER, Id: 256
Advancement, Id: 480 dist: 00217949B678890B
Interaction: SCATTER, Id: 280
Advancement, Id: 544 dist: 000BBAE44486703C
Interaction: FISSION, Parent Id: 312, n:2
DEBUG: After shift, base ID = 2496
  -> Child Created (Immediate), Id: 2497
[TRACE] Id: 2498 Event: FISSION PRODUCT (Bank)
Advancement, Id: 576 dist: 000E0D924C690499
Interaction: SCATTER, Id: 2561
Advancement, Id: 584 dist: 0103500D0A3EAC85
Interaction: SCATTER, Id: 2562
Advancement, Id: 4801 dist: 001976782504B2E9
Interaction: SCATTER, Id: 328
Advancement, Id: 4802 dist: 003B8CA541305487
Interaction: FISSION, Parent Id: 2689, n:2
DEBUG: After shift, base ID = 21512
  -> Child Created (Immediate), Id: 21513
[TRACE] Id: 21514 Event: FISSION PRODUCT (Bank)
Advancement, Id: 608 dist: 0116503EF6F5F2A1
Interaction: SCATTER, Id: 2690
Advancement, Id: 616 dist: 00037A4057CEE767
Interaction: SCATTER, Id: 360
Advancement, Id: 624 dist: 002FFF77DC159513
Interaction: SCATTER, Id: 368
Advancement, Id: 5057 dist: 00259A830E8B9F8E
Interaction: SCATTER, Id: 376
Advancement, Id: 5058 dist: 000E1AA8C9AF313E
Interaction: SCATTER, Id: 3073
Advancement, Id: 656 dist: 0008CDC6B4226B38
Interaction: SCATTER, Id: 3074
Advancement, Id: 664 dist: 0039690A16132BBE
Interaction: SCATTER, Id: 392
Advancement, Id: 672 dist: 0006D0FA624D766F
Interaction: ABSORPTION, Id: 408
Advancement, Id: 5441 dist: 008D654965449DDB
Interaction: SCATTER, Id: 416
Advancement, Id: 5442 dist: 00C0EE28CDECEA6D
Interaction: SCATTER, Id: 3457
Advancement, Id: 688 dist: 00287C47F39F574E
Interaction: ABSORPTION, Id: 3458
Advancement, Id: 704 dist: 00291DC2CB21870F
Interaction: SCATTER, Id: 440
Advancement, Id: 56 dist: 000DEC130F7BA4A0
Interaction: SCATTER, Id: 448
Advancement, Id: 513 dist: 00609FF25E9544AD
Interaction: SCATTER, Id: 456
Advancement, Id: 514 dist: 0004FB1B1951D939
Interaction: SCATTER, Id: 464
Advancement, Id: 720 dist: 00346DEC313C80C6
Interaction: SCATTER, Id: 472
Advancement, Id: 72 dist: 00098476E65092EE
Interaction: SCATTER, Id: 480
Advancement, Id: 728 dist: 007242638C726144
Interaction: SCATTER, Id: 544
Advancement, Id: 641 dist: 00124DE3BB452C06
Interaction: ABSORPTION, Id: 576
Advancement, Id: 642 dist: 00036B035C6DF091
Interaction: ABSORPTION, Id: 584
Advancement, Id: 88 dist: 00213EF5D241EE25
Interaction: SCATTER, Id: 4801
Advancement, Id: 752 dist: 00069336C71AB31D
Interaction: SCATTER, Id: 4802
Advancement, Id: 760 dist: 00217949B678890B
Interaction: SCATTER, Id: 608
Advancement, Id: 7177 dist: 000BBAE44486703C
Interaction: FISSION, Parent Id: 616, n:2
DEBUG: After shift, base ID = 4928
  -> Child Created (Immediate), Id: 4929
[TRACE] Id: 4930 Event: FISSION PRODUCT (Bank)
Advancement, Id: 898 dist: 0533B39ABFC7C33E
Interaction: SCATTER, Id: 624
Advancement, Id: 120 dist: 0533B39ABFC7C33E
Interaction: SCATTER, Id: 5057
Advancement, Id: 776 dist: 0533B39ABFC7C33E
Interaction: SCATTER, Id: 5058
Advancement, Id: 1025 dist: 0533B39ABFC7C33E
Interaction: FISSION, Parent Id: 656, n:2
DEBUG: After shift, base ID = 5248
  -> Child Created (Immediate), Id: 5249
[TRACE] Id: 5250 Event: FISSION PRODUCT (Bank)
Advancement, Id: 1026 dist: 0533B39ABFC7C33E
Interaction: SCATTER, Id: 664
Advancement, Id: 784 dist: 0533B39ABFC7C33E
Interaction: SCATTER, Id: 672
Advancement, Id: 136 dist: 0533B39ABFC7C33E
Interaction: SCATTER, Id: 5441
Advancement, Id: 1473 dist: 00217949B678890B
Interaction: SCATTER, Id: 5442
Advancement, Id: 1474 dist: 000BBAE44486703C
Interaction: SCATTER, Id: 688
Advancement, Id: 216 dist: 000E0D924C690499
Interaction: SCATTER, Id: 704
Advancement, Id: 224 dist: 0103500D0A3EAC85
Interaction: SCATTER, Id: 56
Advancement, Id: 248 dist: 001976782504B2E9
Interaction: ABSORPTION, Id: 513
Advancement, Id: 256 dist: 003B8CA541305487
Interaction: SCATTER, Id: 514
Advancement, Id: 280 dist: 0116503EF6F5F2A1
Interaction: SCATTER, Id: 720
Advancement, Id: 2497 dist: 00037A4057CEE767
Interaction: ABSORPTION, Id: 72
Advancement, Id: 2498 dist: 002FFF77DC159513
Interaction: SCATTER, Id: 728
Advancement, Id: 2561 dist: 00259A830E8B9F8E
Interaction: SCATTER, Id: 641
Advancement, Id: 2562 dist: 000E1AA8C9AF313E
Interaction: SCATTER, Id: 642
Advancement, Id: 328 dist: 0008CDC6B4226B38
Interaction: SCATTER, Id: 88
Advancement, Id: 21513 dist: 0039690A16132BBE
Interaction: SCATTER, Id: 752
Advancement, Id: 21514 dist: 0006D0FA624D766F
Interaction: SCATTER, Id: 760
Advancement, Id: 2690 dist: 008D654965449DDB
Interaction: SCATTER, Id: 7177
Advancement, Id: 360 dist: 00C0EE28CDECEA6D
Interaction: SURFACE_LEAK, Id: 898
Advancement, Id: 368 dist: 00287C47F39F574E
Interaction: SURFACE_LEAK, Id: 120
Advancement, Id: 376 dist: 00291DC2CB21870F
Interaction: SURFACE_LEAK, Id: 776
Advancement, Id: 3073 dist: 000DEC130F7BA4A0
Interaction: SCATTER, Id: 1025
Advancement, Id: 3074 dist: 00609FF25E9544AD
Interaction: SCATTER, Id: 1026
Advancement, Id: 392 dist: 0004FB1B1951D939
Interaction: FISSION, Parent Id: 784, n:2
DEBUG: After shift, base ID = 6272
  -> Child Created (Immediate), Id: 6273
[TRACE] Id: 6274 Event: FISSION PRODUCT (Bank)
Advancement, Id: 416 dist: 00346DEC313C80C6
Interaction: SURFACE_LEAK, Id: 136
Advancement, Id: 3457 dist: 00098476E65092EE
Interaction: SCATTER, Id: 1473
Advancement, Id: 440 dist: 007242638C726144
Interaction: SCATTER, Id: 1474
Advancement, Id: 448 dist: 00124DE3BB452C06
Interaction: ABSORPTION, Id: 216
Advancement, Id: 456 dist: 00036B035C6DF091
Interaction: ABSORPTION, Id: 224
Advancement, Id: 464 dist: 00213EF5D241EE25
Interaction: SCATTER, Id: 248
Advancement, Id: 472 dist: 00069336C71AB31D
Interaction: SCATTER, Id: 256
Advancement, Id: 480 dist: 00217949B678890B
Interaction: SCATTER, Id: 280
Advancement, Id: 544 dist: 000BBAE44486703C
Interaction: FISSION, Parent Id: 2497, n:2
DEBUG: After shift, base ID = 19976
  -> Child Created (Immediate), Id: 19977
[TRACE] Id: 19978 Event: FISSION PRODUCT (Bank)
Advancement, Id: 4801 dist: 000E0D924C690499
Interaction: SCATTER, Id: 2498
Advancement, Id: 4802 dist: 0103500D0A3EAC85
Interaction: SCATTER, Id: 2561
Advancement, Id: 608 dist: 001976782504B2E9
Interaction: SCATTER, Id: 2562
Advancement, Id: 4929 dist: 003B8CA541305487
Interaction: FISSION, Parent Id: 328, n:2
DEBUG: After shift, base ID = 2624
  -> Child Created (Immediate), Id: 2625
[TRACE] Id: 2626 Event: FISSION PRODUCT (Bank)
Advancement, Id: 4930 dist: 0116503EF6F5F2A1
Interaction: SCATTER, Id: 21513
Advancement, Id: 624 dist: 00037A4057CEE767
Interaction: SCATTER, Id: 21514
Advancement, Id: 5057 dist: 002FFF77DC159513
Interaction: SCATTER, Id: 2690
Advancement, Id: 5058 dist: 00259A830E8B9F8E
Interaction: SCATTER, Id: 360
Advancement, Id: 5249 dist: 000E1AA8C9AF313E
Interaction: SCATTER, Id: 368
Advancement, Id: 5250 dist: 0008CDC6B4226B38
Interaction: SCATTER, Id: 376
Advancement, Id: 664 dist: 0039690A16132BBE
Interaction: SCATTER, Id: 3073
Advancement, Id: 672 dist: 0006D0FA624D766F
Interaction: ABSORPTION, Id: 3074
Advancement, Id: 5441 dist: 008D654965449DDB
Interaction: SCATTER, Id: 392
Advancement, Id: 5442 dist: 00C0EE28CDECEA6D
Interaction: SCATTER, Id: 416
Advancement, Id: 688 dist: 00287C47F39F574E
Interaction: ABSORPTION, Id: 3457
Advancement, Id: 704 dist: 00291DC2CB21870F
Interaction: SCATTER, Id: 440
Advancement, Id: 56 dist: 000DEC130F7BA4A0
Interaction: SCATTER, Id: 448
Advancement, Id: 514 dist: 00609FF25E9544AD
Interaction: SCATTER, Id: 456
Advancement, Id: 720 dist: 0004FB1B1951D939
Interaction: SCATTER, Id: 464
Advancement, Id: 728 dist: 00346DEC313C80C6
Interaction: SCATTER, Id: 472
Advancement, Id: 641 dist: 00098476E65092EE
Interaction: SCATTER, Id: 480
Advancement, Id: 642 dist: 007242638C726144
Interaction: SCATTER, Id: 544
Advancement, Id: 88 dist: 00124DE3BB452C06
Interaction: ABSORPTION, Id: 4801
Advancement, Id: 752 dist: 00036B035C6DF091
Interaction: ABSORPTION, Id: 4802
Advancement, Id: 760 dist: 00213EF5D241EE25
Interaction: SCATTER, Id: 608
Advancement, Id: 7177 dist: 00069336C71AB31D
Interaction: SCATTER, Id: 4929
Advancement, Id: 1025 dist: 00217949B678890B
Interaction: SCATTER, Id: 4930
Advancement, Id: 1026 dist: 000BBAE44486703C
Interaction: FISSION, Parent Id: 624, n:2
DEBUG: After shift, base ID = 4992
  -> Child Created (Immediate), Id: 4993
[TRACE] Id: 4994 Event: FISSION PRODUCT (Bank)
Advancement, Id: 6273 dist: 0533B39ABFC7C33E
Interaction: SCATTER, Id: 5057
Advancement, Id: 6274 dist: 0533B39ABFC7C33E
Interaction: SCATTER, Id: 5058
Advancement, Id: 1473 dist: 0533B39ABFC7C33E
Interaction: SCATTER, Id: 5249
Advancement, Id: 1474 dist: 0533B39ABFC7C33E
Interaction: FISSION, Parent Id: 5250, n:2
DEBUG: After shift, base ID = 42000
  -> Child Created (Immediate), Id: 42001
[TRACE] Id: 42002 Event: FISSION PRODUCT (Bank)
Advancement, Id: 248 dist: 0533B39ABFC7C33E
Interaction: SCATTER, Id: 664
Advancement, Id: 256 dist: 0533B39ABFC7C33E
Interaction: SCATTER, Id: 672
Advancement, Id: 280 dist: 0533B39ABFC7C33E
Interaction: SCATTER, Id: 5441
Advancement, Id: 19977 dist: 00217949B678890B
Interaction: SCATTER, Id: 5442
Advancement, Id: 19978 dist: 000BBAE44486703C
Interaction: SCATTER, Id: 688
Advancement, Id: 2498 dist: 000E0D924C690499
Interaction: SCATTER, Id: 704
Advancement, Id: 2561 dist: 0103500D0A3EAC85
Interaction: SCATTER, Id: 56
Advancement, Id: 2562 dist: 001976782504B2E9
Interaction: ABSORPTION, Id: 514
Advancement, Id: 2625 dist: 003B8CA541305487
Interaction: SCATTER, Id: 720
Advancement, Id: 2626 dist: 0116503EF6F5F2A1
Interaction: SCATTER, Id: 728
Advancement, Id: 21513 dist: 00037A4057CEE767
Interaction: ABSORPTION, Id: 641
Advancement, Id: 21514 dist: 002FFF77DC159513
Interaction: SCATTER, Id: 642
Advancement, Id: 2690 dist: 00259A830E8B9F8E
Interaction: SCATTER, Id: 88
Advancement, Id: 360 dist: 000E1AA8C9AF313E
Interaction: SCATTER, Id: 752
Advancement, Id: 368 dist: 0008CDC6B4226B38
Interaction: SCATTER, Id: 760
Advancement, Id: 376 dist: 0039690A16132BBE
Interaction: SCATTER, Id: 7177
Advancement, Id: 3073 dist: 0006D0FA624D766F
Interaction: SCATTER, Id: 1025
Advancement, Id: 392 dist: 008D654965449DDB
Interaction: SCATTER, Id: 1026
Advancement, Id: 416 dist: 00C0EE28CDECEA6D
Interaction: ABSORPTION, Id: 6273
Advancement, Id: 440 dist: 00287C47F39F574E
Interaction: ABSORPTION, Id: 6274
Advancement, Id: 448 dist: 00291DC2CB21870F
Interaction: SCATTER, Id: 1473
Advancement, Id: 456 dist: 000DEC130F7BA4A0
Interaction: SCATTER, Id: 1474
Advancement, Id: 464 dist: 00609FF25E9544AD
Interaction: SURFACE_LEAK, Id: 248
Advancement, Id: 472 dist: 0004FB1B1951D939
Interaction: FISSION, Parent Id: 256, n:2
DEBUG: After shift, base ID = 2048
  -> Child Created (Immediate), Id: 2049
[TRACE] Id: 2050 Event: FISSION PRODUCT (Bank)
Advancement, Id: 480 dist: 00346DEC313C80C6
Interaction: SURFACE_LEAK, Id: 280
Advancement, Id: 544 dist: 00098476E65092EE
Interaction: SCATTER, Id: 19977
Advancement, Id: 608 dist: 007242638C726144
Interaction: SCATTER, Id: 19978
Advancement, Id: 4929 dist: 00124DE3BB452C06
Interaction: ABSORPTION, Id: 2498
Advancement, Id: 4930 dist: 00036B035C6DF091
Interaction: ABSORPTION, Id: 2561
Advancement, Id: 4993 dist: 00213EF5D241EE25
Interaction: SCATTER, Id: 2562
Advancement, Id: 4994 dist: 00069336C71AB31D
Interaction: SCATTER, Id: 2625
Advancement, Id: 5057 dist: 00217949B678890B
Interaction: SCATTER, Id: 2626
Advancement, Id: 5058 dist: 000BBAE44486703C
Interaction: FISSION, Parent Id: 21513, n:2
DEBUG: After shift, base ID = 172104
  -> Child Created (Immediate), Id: 172105
[TRACE] Id: 172106 Event: FISSION PRODUCT (Bank)
Advancement, Id: 5249 dist: 000E0D924C690499
Interaction: SCATTER, Id: 21514
Advancement, Id: 42001 dist: 0103500D0A3EAC85
Interaction: SCATTER, Id: 2690
Advancement, Id: 42002 dist: 001976782504B2E9
Interaction: SCATTER, Id: 360
Advancement, Id: 664 dist: 003B8CA541305487
Interaction: FISSION, Parent Id: 368, n:2
DEBUG: After shift, base ID = 2944
  -> Child Created (Immediate), Id: 2945
[TRACE] Id: 2946 Event: FISSION PRODUCT (Bank)
Advancement, Id: 672 dist: 0116503EF6F5F2A1
Interaction: SCATTER, Id: 376
Advancement, Id: 5441 dist: 00037A4057CEE767
Interaction: SCATTER, Id: 3073
Advancement, Id: 5442 dist: 002FFF77DC159513
Interaction: SCATTER, Id: 392
Advancement, Id: 688 dist: 00259A830E8B9F8E
Interaction: SCATTER, Id: 416
Advancement, Id: 704 dist: 000E1AA8C9AF313E
Interaction: SCATTER, Id: 440
Advancement, Id: 56 dist: 0008CDC6B4226B38
Interaction: SCATTER, Id: 448
Advancement, Id: 720 dist: 0039690A16132BBE
Interaction: SCATTER, Id: 456
Advancement, Id: 728 dist: 0006D0FA624D766F
Interaction: ABSORPTION, Id: 464
Advancement, Id: 642 dist: 008D654965449DDB
Interaction: SCATTER, Id: 472
Advancement, Id: 88 dist: 00C0EE28CDECEA6D
Interaction: SCATTER, Id: 480
Advancement, Id: 752 dist: 00287C47F39F574E
Interaction: ABSORPTION, Id: 544
Advancement, Id: 760 dist: 00291DC2CB21870F
Interaction: SCATTER, Id: 608
Advancement, Id: 7177 dist: 000DEC130F7BA4A0
Interaction: SCATTER, Id: 4929
Advancement, Id: 1025 dist: 00609FF25E9544AD
Interaction: SCATTER, Id: 4930
Advancement, Id: 1026 dist: 0004FB1B1951D939
Interaction: SCATTER, Id: 4993
Advancement, Id: 1473 dist: 00346DEC313C80C6
Interaction: SCATTER, Id: 4994
Advancement, Id: 1474 dist: 00098476E65092EE
Interaction: SCATTER, Id: 5057
Advancement, Id: 2049 dist: 007242638C726144
Interaction: SCATTER, Id: 5058
Advancement, Id: 2050 dist: 00124DE3BB452C06
Interaction: ABSORPTION, Id: 5249
Advancement, Id: 19977 dist: 00036B035C6DF091
Interaction: ABSORPTION, Id: 42001
Advancement, Id: 19978 dist: 0533B39ABFC7C33E
Interaction: SCATTER, Id: 42002
Advancement, Id: 19978 dist: 0533B39ABFC7C33E
Interaction: SCATTER, Id: 664
Advancement, Id: 2562 dist: 0533B39ABFC7C33E
Interaction: SCATTER, Id: 672
Advancement, Id: 2625 dist: 0533B39ABFC7C33E
Interaction: FISSION, Parent Id: 5441, n:2
DEBUG: After shift, base ID = 43528
  -> Child Created (Immediate), Id: 43529
[TRACE] Id: 43530 Event: FISSION PRODUCT (Bank)
Advancement, Id: 2626 dist: 0533B39ABFC7C33E
Interaction: SCATTER, Id: 5442
Advancement, Id: 172105 dist: 0533B39ABFC7C33E
Interaction: SCATTER, Id: 688
Advancement, Id: 172106 dist: 0533B39ABFC7C33E
Interaction: SCATTER, Id: 704
Interaction: FISSION, Parent Id: 56, n:2
DEBUG: After shift, base ID = 448
  -> Child Created (Immediate), Id: 449
[TRACE] Id: 450 Event: FISSION PRODUCT (Bank)
Advancement, Id: 2690 dist: 00036B035C6DF091
Interaction: SCATTER, Id: 720
Advancement, Id: 360 dist: 00213EF5D241EE25
Interaction: SCATTER, Id: 728
Advancement, Id: 2945 dist: 00069336C71AB31D
Interaction: SCATTER, Id: 642
Advancement, Id: 2946 dist: 00217949B678890B
Interaction: SCATTER, Id: 88
Advancement, Id: 376 dist: 000BBAE44486703C
Interaction: SCATTER, Id: 752
Advancement, Id: 3073 dist: 000E0D924C690499
Interaction: SCATTER, Id: 760
Advancement, Id: 392 dist: 0103500D0A3EAC85
Interaction: SCATTER, Id: 7177
Advancement, Id: 416 dist: 001976782504B2E9
Interaction: ABSORPTION, Id: 1025
Advancement, Id: 440 dist: 003B8CA541305487
Interaction: SCATTER, Id: 1026
Advancement, Id: 448 dist: 0116503EF6F5F2A1
Interaction: SCATTER, Id: 1473
Advancement, Id: 456 dist: 00037A4057CEE767
Interaction: ABSORPTION, Id: 1474
Advancement, Id: 472 dist: 002FFF77DC159513
Interaction: SCATTER, Id: 2049
Advancement, Id: 480 dist: 00259A830E8B9F8E
Interaction: SCATTER, Id: 2050
Advancement, Id: 608 dist: 000E1AA8C9AF313E
Interaction: SCATTER, Id: 19977
Advancement, Id: 4929 dist: 0008CDC6B4226B38
Interaction: SCATTER, Id: 19978
Advancement, Id: 4930 dist: 0039690A16132BBE
Interaction: SCATTER, Id: 19978
Advancement, Id: 4993 dist: 0006D0FA624D766F
Interaction: SURFACE_LEAK, Id: 2562
Advancement, Id: 4994 dist: 008D654965449DDB
Interaction: SCATTER, Id: 2625
Advancement, Id: 5057 dist: 00C0EE28CDECEA6D
Interaction: SURFACE_LEAK, Id: 2626
Advancement, Id: 5058 dist: 0533B39ABFC7C33E
Interaction: ABSORPTION, Id: 172105
Advancement, Id: 5058 dist: 0533B39ABFC7C33E
Interaction: SCATTER, Id: 172106
Advancement, Id: 5058 dist: 000DEC130F7BA4A0
Advancement, Id: 42002 dist: 00609FF25E9544AD
Interaction: SCATTER, Id: 2690
Advancement, Id: 664 dist: 0004FB1B1951D939
Interaction: SCATTER, Id: 360
Advancement, Id: 672 dist: 00346DEC313C80C6
Interaction: SCATTER, Id: 2945
Advancement, Id: 43529 dist: 00098476E65092EE
Interaction: SCATTER, Id: 2946
Interaction: SCATTER, Id: 376
Interaction: ABSORPTION, Id: 3073
Advancement, Id: 688 dist: 00036B035C6DF091
Interaction: ABSORPTION, Id: 392
Advancement, Id: 704 dist: 00213EF5D241EE25
Interaction: SCATTER, Id: 416
Advancement, Id: 449 dist: 00069336C71AB31D
Interaction: SCATTER, Id: 440
Advancement, Id: 450 dist: 00217949B678890B
Interaction: SCATTER, Id: 448
Advancement, Id: 720 dist: 000BBAE44486703C
Interaction: FISSION, Parent Id: 456, n:2
DEBUG: After shift, base ID = 3648
  -> Child Created (Immediate), Id: 3649
[TRACE] Id: 3650 Event: FISSION PRODUCT (Bank)
Advancement, Id: 728 dist: 000E0D924C690499
Interaction: SCATTER, Id: 472
Advancement, Id: 642 dist: 0103500D0A3EAC85
Interaction: SCATTER, Id: 480
Advancement, Id: 88 dist: 001976782504B2E9
Interaction: SCATTER, Id: 608
Advancement, Id: 752 dist: 003B8CA541305487
Interaction: FISSION, Parent Id: 4929, n:2
DEBUG: After shift, base ID = 39432
  -> Child Created (Immediate), Id: 39433
[TRACE] Id: 39434 Event: FISSION PRODUCT (Bank)
Advancement, Id: 760 dist: 0116503EF6F5F2A1
Interaction: SCATTER, Id: 4930
Advancement, Id: 7177 dist: 00037A4057CEE767
Interaction: SCATTER, Id: 4993
Advancement, Id: 1026 dist: 002FFF77DC159513
Interaction: SCATTER, Id: 4994
Advancement, Id: 1473 dist: 00259A830E8B9F8E
Interaction: SCATTER, Id: 5057
Advancement, Id: 2049 dist: 000E1AA8C9AF313E
Interaction: SCATTER, Id: 5058
Advancement, Id: 2050 dist: 0008CDC6B4226B38
Interaction: SCATTER, Id: 5058
Advancement, Id: 19977 dist: 0039690A16132BBE
Interaction: SCATTER, Id: 5058
Advancement, Id: 19978 dist: 0006D0FA624D766F
Interaction: ABSORPTION, Id: 42002
Advancement, Id: 19978 dist: 0533B39ABFC7C33E
Interaction: SCATTER, Id: 664
Advancement, Id: 19978 dist: 00C0EE28CDECEA6D
Interaction: SCATTER, Id: 672
Advancement, Id: 2625 dist: 0533B39ABFC7C33E
Interaction: ABSORPTION, Id: 43529
Advancement, Id: 2625 dist: 0533B39ABFC7C33E
Advancement, Id: 2625 dist: 000DEC130F7BA4A0
Advancement, Id: 172106 dist: 0533B39ABFC7C33E
Interaction: SCATTER, Id: 688
Advancement, Id: 172106 dist: 0533B39ABFC7C33E
Interaction: SCATTER, Id: 704
Interaction: SCATTER, Id: 449
Advancement, Id: 360 dist: 0533B39ABFC7C33E
Interaction: SCATTER, Id: 450
Interaction: SCATTER, Id: 720
Interaction: ABSORPTION, Id: 728
Advancement, Id: 376 dist: 0533B39ABFC7C33E
Interaction: ABSORPTION, Id: 642
Interaction: SCATTER, Id: 88
Advancement, Id: 376 dist: 000DEC130F7BA4A0
Interaction: SCATTER, Id: 752
Advancement, Id: 416 dist: 00609FF25E9544AD
Interaction: SCATTER, Id: 760
Advancement, Id: 440 dist: 0004FB1B1951D939
Interaction: FISSION, Parent Id: 7177, n:2
DEBUG: After shift, base ID = 57416
  -> Child Created (Immediate), Id: 57417
[TRACE] Id: 57418 Event: FISSION PRODUCT (Bank)
Advancement, Id: 448 dist: 00346DEC313C80C6
Interaction: SCATTER, Id: 1026
Advancement, Id: 3649 dist: 00098476E65092EE
Interaction: SCATTER, Id: 1473
Interaction: SCATTER, Id: 2049
Interaction: FISSION, Parent Id: 2050, n:2
DEBUG: After shift, base ID = 16400
  -> Child Created (Immediate), Id: 16401
[TRACE] Id: 16402 Event: FISSION PRODUCT (Bank)
Advancement, Id: 480 dist: 00036B035C6DF091
Interaction: SCATTER, Id: 19977
Advancement, Id: 608 dist: 00213EF5D241EE25
Interaction: SCATTER, Id: 19978
Advancement, Id: 39433 dist: 00069336C71AB31D
Interaction: SURFACE_LEAK, Id: 19978
Advancement, Id: 39434 dist: 00217949B678890B
Interaction: SCATTER, Id: 19978
Advancement, Id: 4930 dist: 000BBAE44486703C
Interaction: SURFACE_LEAK, Id: 2625
Advancement, Id: 4993 dist: 000E0D924C690499
Interaction: SURFACE_LEAK, Id: 2625
Advancement, Id: 4994 dist: 0103500D0A3EAC85
Interaction: SCATTER, Id: 2625
Advancement, Id: 5057 dist: 001976782504B2E9
Interaction: SURFACE_LEAK, Id: 172106
Advancement, Id: 5058 dist: 003B8CA541305487
Interaction: SURFACE_LEAK, Id: 172106
Advancement, Id: 5058 dist: 0116503EF6F5F2A1
Advancement, Id: 5058 dist: 00037A4057CEE767
Interaction: SURFACE_LEAK, Id: 360
Advancement, Id: 664 dist: 002FFF77DC159513
Advancement, Id: 672 dist: 0533B39ABFC7C33E
Advancement, Id: 672 dist: 0533B39ABFC7C33E
Interaction: SCATTER, Id: 376
Advancement, Id: 672 dist: 0008CDC6B4226B38
Advancement, Id: 688 dist: 0039690A16132BBE
Interaction: SCATTER, Id: 376
Advancement, Id: 704 dist: 0006D0FA624D766F
Interaction: ABSORPTION, Id: 416
Advancement, Id: 449 dist: 008D654965449DDB
Interaction: SCATTER, Id: 440
Advancement, Id: 450 dist: 00C0EE28CDECEA6D
Interaction: SCATTER, Id: 448
Interaction: ABSORPTION, Id: 3649
Advancement, Id: 720 dist: 000DEC130F7BA4A0
Advancement, Id: 88 dist: 00609FF25E9544AD
Interaction: SCATTER, Id: 480
Advancement, Id: 752 dist: 0004FB1B1951D939
Interaction: SCATTER, Id: 608
Advancement, Id: 760 dist: 00346DEC313C80C6
Interaction: SCATTER, Id: 39433
Advancement, Id: 57417 dist: 00098476E65092EE
Interaction: SCATTER, Id: 39434
Interaction: SCATTER, Id: 4930
Interaction: ABSORPTION, Id: 4993
Advancement, Id: 1473 dist: 00036B035C6DF091
Interaction: ABSORPTION, Id: 4994
Advancement, Id: 2049 dist: 00213EF5D241EE25
Interaction: SCATTER, Id: 5057
Advancement, Id: 16401 dist: 00069336C71AB31D
Interaction: SCATTER, Id: 5058
Advancement, Id: 16402 dist: 00217949B678890B
Interaction: SCATTER, Id: 5058
Advancement, Id: 19977 dist: 000BBAE44486703C
Interaction: FISSION, Parent Id: 5058, n:2
DEBUG: After shift, base ID = 40464
  -> Child Created (Immediate), Id: 40465
[TRACE] Id: 40466 Event: FISSION PRODUCT (Bank)
Advancement, Id: 19978 dist: 000E0D924C690499
Interaction: SCATTER, Id: 664
Advancement, Id: 19978 dist: 0533B39ABFC7C33E
Interaction: SCATTER, Id: 672
Advancement, Id: 19978 dist: 001976782504B2E9
Interaction: SCATTER, Id: 672
Advancement, Id: 2625 dist: 0533B39ABFC7C33E
Interaction: FISSION, Parent Id: 672, n:2
DEBUG: After shift, base ID = 5376
  -> Child Created (Immediate), Id: 5377
[TRACE] Id: 5378 Event: FISSION PRODUCT (Bank)
Advancement, Id: 2625 dist: 0533B39ABFC7C33E
Interaction: SCATTER, Id: 688
Advancement, Id: 2625 dist: 0533B39ABFC7C33E
Interaction: SCATTER, Id: 704
Advancement, Id: 2625 dist: 0533B39ABFC7C33E
Interaction: SCATTER, Id: 449
Advancement, Id: 2625 dist: 0533B39ABFC7C33E
Interaction: SCATTER, Id: 450
Advancement, Id: 2625 dist: 0008CDC6B4226B38
Interaction: SCATTER, Id: 720
Interaction: ABSORPTION, Id: 88
Interaction: SCATTER, Id: 752
Interaction: SCATTER, Id: 760
Interaction: ABSORPTION, Id: 57417
Advancement, Id: 448 dist: 0533B39ABFC7C33E
Interaction: SCATTER, Id: 1473
Advancement, Id: 448 dist: 0008CDC6B4226B38
Interaction: SCATTER, Id: 2049
Interaction: SCATTER, Id: 16401
Advancement, Id: 608 dist: 0006D0FA624D766F
Interaction: SCATTER, Id: 16402
Advancement, Id: 39433 dist: 008D654965449DDB
Interaction: SCATTER, Id: 19977
Interaction: ABSORPTION, Id: 19978
Interaction: ABSORPTION, Id: 19978
Interaction: SCATTER, Id: 19978
Advancement, Id: 4930 dist: 000DEC130F7BA4A0
Interaction: SURFACE_LEAK, Id: 2625
Advancement, Id: 5057 dist: 00609FF25E9544AD
Interaction: SURFACE_LEAK, Id: 2625
Advancement, Id: 5058 dist: 0004FB1B1951D939
Interaction: SURFACE_LEAK, Id: 2625
Advancement, Id: 5058 dist: 00346DEC313C80C6
Interaction: SURFACE_LEAK, Id: 2625
Advancement, Id: 40465 dist: 00098476E65092EE
Interaction: SURFACE_LEAK, Id: 2625
Interaction: FISSION, Parent Id: 2625, n:2
DEBUG: After shift, base ID = 21000
  -> Child Created (Immediate), Id: 21001
[TRACE] Id: 21002 Event: FISSION PRODUCT (Bank)
Advancement, Id: 672 dist: 00036B035C6DF091
Advancement, Id: 672 dist: 00213EF5D241EE25
Advancement, Id: 5377 dist: 00069336C71AB31D
Advancement, Id: 5378 dist: 00217949B678890B
Advancement, Id: 688 dist: 000BBAE44486703C
Advancement, Id: 704 dist: 000E0D924C690499
Advancement, Id: 449 dist: 0103500D0A3EAC85
Interaction: SCATTER, Id: 448
Advancement, Id: 450 dist: 001976782504B2E9
Advancement, Id: 720 dist: 0533B39ABFC7C33E
Interaction: FISSION, Parent Id: 448, n:2
DEBUG: After shift, base ID = 3584
  -> Child Created (Immediate), Id: 3585
[TRACE] Id: 3586 Event: FISSION PRODUCT (Bank)
Advancement, Id: 720 dist: 0116503EF6F5F2A1
Advancement, Id: 752 dist: 00037A4057CEE767
Interaction: SCATTER, Id: 608
Advancement, Id: 760 dist: 0533B39ABFC7C33E
Interaction: SCATTER, Id: 39433
Advancement, Id: 760 dist: 0533B39ABFC7C33E
Advancement, Id: 760 dist: 0533B39ABFC7C33E
Advancement, Id: 760 dist: 0008CDC6B4226B38
Interaction: SCATTER, Id: 4930
Advancement, Id: 2049 dist: 0006D0FA624D766F
Interaction: ABSORPTION, Id: 5057
Advancement, Id: 16401 dist: 008D654965449DDB
Interaction: SCATTER, Id: 5058
Interaction: SCATTER, Id: 5058
Interaction: ABSORPTION, Id: 40465
Advancement, Id: 19977 dist: 000DEC130F7BA4A0
Advancement, Id: 19978 dist: 0533B39ABFC7C33E
Interaction: SCATTER, Id: 672
Advancement, Id: 19978 dist: 0533B39ABFC7C33E
Interaction: SCATTER, Id: 672
Advancement, Id: 19978 dist: 0533B39ABFC7C33E
Interaction: SCATTER, Id: 5377
Advancement, Id: 19978 dist: 0533B39ABFC7C33E
Interaction: SCATTER, Id: 5378
Interaction: SCATTER, Id: 688
Interaction: ABSORPTION, Id: 704
Advancement, Id: 19978 dist: 00036B035C6DF091
Interaction: ABSORPTION, Id: 449
Interaction: SCATTER, Id: 450
Interaction: SURFACE_LEAK, Id: 720
Interaction: SCATTER, Id: 720
Interaction: FISSION, Parent Id: 752, n:2
DEBUG: After shift, base ID = 6016
  -> Child Created (Immediate), Id: 6017
[TRACE] Id: 6018 Event: FISSION PRODUCT (Bank)
Interaction: SCATTER, Id: 760
Interaction: SCATTER, Id: 760
Advancement, Id: 21002 dist: 001976782504B2E9
Interaction: SCATTER, Id: 760
Advancement, Id: 448 dist: 0533B39ABFC7C33E
Interaction: FISSION, Parent Id: 760, n:2
DEBUG: After shift, base ID = 6080
  -> Child Created (Immediate), Id: 6081
[TRACE] Id: 6082 Event: FISSION PRODUCT (Bank)
Interaction: SCATTER, Id: 2049
Interaction: SCATTER, Id: 16401
Advancement, Id: 39433 dist: 0533B39ABFC7C33E
Interaction: SCATTER, Id: 19977
Advancement, Id: 39433 dist: 001976782504B2E9
Interaction: SURFACE_LEAK, Id: 19978
Advancement, Id: 4930 dist: 0533B39ABFC7C33E
Interaction: SURFACE_LEAK, Id: 19978
Advancement, Id: 4930 dist: 0116503EF6F5F2A1
Interaction: SURFACE_LEAK, Id: 19978
Advancement, Id: 5058 dist: 00037A4057CEE767
Interaction: SURFACE_LEAK, Id: 19978
Interaction: SCATTER, Id: 19978
Advancement, Id: 5058 dist: 0008CDC6B4226B38
Advancement, Id: 672 dist: 0006D0FA624D766F
Advancement, Id: 5377 dist: 008D654965449DDB
Interaction: SCATTER, Id: 21002
Advancement, Id: 688 dist: 000DEC130F7BA4A0
Interaction: SCATTER, Id: 448
Advancement, Id: 450 dist: 0533B39ABFC7C33E
Advancement, Id: 450 dist: 0004FB1B1951D939
Advancement, Id: 720 dist: 00346DEC313C80C6
Advancement, Id: 6017 dist: 00098476E65092EE
Interaction: SURFACE_LEAK, Id: 39433
Advancement, Id: 760 dist: 00036B035C6DF091
Interaction: SCATTER, Id: 39433
Advancement, Id: 6081 dist: 00069336C71AB31D
Interaction: SURFACE_LEAK, Id: 4930
Advancement, Id: 6082 dist: 00217949B678890B
Interaction: SCATTER, Id: 4930
Advancement, Id: 2049 dist: 000BBAE44486703C
Interaction: FISSION, Parent Id: 5058, n:2
DEBUG: After shift, base ID = 40464
  -> Child Created (Immediate), Id: 40465
[TRACE] Id: 40466 Event: FISSION PRODUCT (Bank)
Advancement, Id: 16401 dist: 0533B39ABFC7C33E
Advancement, Id: 16401 dist: 0533B39ABFC7C33E
Advancement, Id: 16401 dist: 001976782504B2E9
Advancement, Id: 19977 dist: 0533B39ABFC7C33E
Interaction: FISSION, Parent Id: 5058, n:2
DEBUG: After shift, base ID = 40464
  -> Child Created (Immediate), Id: 40465
[TRACE] Id: 40466 Event: FISSION PRODUCT (Bank)
Advancement, Id: 19977 dist: 0533B39ABFC7C33E
Advancement, Id: 19977 dist: 0533B39ABFC7C33E
Interaction: SCATTER, Id: 672
Advancement, Id: 19977 dist: 0533B39ABFC7C33E
Interaction: SCATTER, Id: 5377
Advancement, Id: 19977 dist: 0008CDC6B4226B38
Interaction: SCATTER, Id: 688
Interaction: ABSORPTION, Id: 450
Interaction: SCATTER, Id: 450
Interaction: SCATTER, Id: 720
Interaction: ABSORPTION, Id: 6017
Advancement, Id: 19978 dist: 000DEC130F7BA4A0
Interaction: SCATTER, Id: 760
Interaction: SCATTER, Id: 6081
Interaction: SCATTER, Id: 6082
Interaction: SCATTER, Id: 2049
Interaction: ABSORPTION, Id: 16401
Advancement, Id: 448 dist: 0533B39ABFC7C33E
Interaction: ABSORPTION, Id: 16401
Advancement, Id: 448 dist: 0533B39ABFC7C33E
Interaction: SCATTER, Id: 16401
Interaction: SURFACE_LEAK, Id: 19977
Interaction: SURFACE_LEAK, Id: 19977
Interaction: SURFACE_LEAK, Id: 19977
Interaction: SURFACE_LEAK, Id: 19977
Interaction: FISSION, Parent Id: 19977, n:2
DEBUG: After shift, base ID = 159816
  -> Child Created (Immediate), Id: 159817
[TRACE] Id: 159818 Event: FISSION PRODUCT (Bank)
Advancement, Id: 40466 dist: 00036B035C6DF091
Advancement, Id: 40466 dist: 00069336C71AB31D
Advancement, Id: 672 dist: 00217949B678890B
Advancement, Id: 5377 dist: 0533B39ABFC7C33E
Interaction: SCATTER, Id: 19978
Advancement, Id: 5377 dist: 001976782504B2E9
Advancement, Id: 688 dist: 0533B39ABFC7C33E
Advancement, Id: 688 dist: 0116503EF6F5F2A1
Advancement, Id: 450 dist: 00037A4057CEE767
Interaction: SURFACE_LEAK, Id: 448
Advancement, Id: 720 dist: 0008CDC6B4226B38
Interaction: SURFACE_LEAK, Id: 448
Advancement, Id: 760 dist: 0006D0FA624D766F
Advancement, Id: 6081 dist: 008D654965449DDB
Advancement, Id: 2049 dist: 000DEC130F7BA4A0
Interaction: SCATTER, Id: 40466
Advancement, Id: 16401 dist: 0533B39ABFC7C33E
Advancement, Id: 16401 dist: 0533B39ABFC7C33E
Interaction: SCATTER, Id: 40466
Advancement, Id: 16401 dist: 0533B39ABFC7C33E
Interaction: SCATTER, Id: 672
Interaction: SURFACE_LEAK, Id: 5377
Advancement, Id: 16401 dist: 00036B035C6DF091
Interaction: SCATTER, Id: 5377
Interaction: SURFACE_LEAK, Id: 688
Interaction: SCATTER, Id: 688
Interaction: FISSION, Parent Id: 450, n:2
DEBUG: After shift, base ID = 3600
  -> Child Created (Immediate), Id: 3601
[TRACE] Id: 3602 Event: FISSION PRODUCT (Bank)
Advancement, Id: 159818 dist: 001976782504B2E9
Advancement, Id: 19978 dist: 0533B39ABFC7C33E
Interaction: FISSION, Parent Id: 720, n:2
DEBUG: After shift, base ID = 5760
  -> Child Created (Immediate), Id: 5761
[TRACE] Id: 5762 Event: FISSION PRODUCT (Bank)
Interaction: SCATTER, Id: 760
Interaction: SCATTER, Id: 6081
Advancement, Id: 19978 dist: 0533B39ABFC7C33E
Interaction: SCATTER, Id: 2049
Interaction: SCATTER, Id: 16401
Interaction: SCATTER, Id: 16401
Interaction: ABSORPTION, Id: 16401
Interaction: SCATTER, Id: 16401
Interaction: SCATTER, Id: 159818
Advancement, Id: 672 dist: 000DEC130F7BA4A0
Interaction: SURFACE_LEAK, Id: 19978
Advancement, Id: 5377 dist: 0004FB1B1951D939
Advancement, Id: 688 dist: 00346DEC313C80C6
Interaction: SURFACE_LEAK, Id: 19978
Advancement, Id: 3602 dist: 00036B035C6DF091
Advancement, Id: 5762 dist: 00069336C71AB31D
Advancement, Id: 760 dist: 00217949B678890B
Advancement, Id: 6081 dist: 0533B39ABFC7C33E
Advancement, Id: 6081 dist: 001976782504B2E9
Advancement, Id: 2049 dist: 0533B39ABFC7C33E
Advancement, Id: 2049 dist: 0116503EF6F5F2A1
Advancement, Id: 16401 dist: 00037A4057CEE767
Advancement, Id: 16401 dist: 0008CDC6B4226B38
Interaction: SCATTER, Id: 672
Advancement, Id: 16401 dist: 0533B39ABFC7C33E
Advancement, Id: 16401 dist: 0533B39ABFC7C33E
Interaction: SCATTER, Id: 5377
Interaction: SCATTER, Id: 688
Advancement, Id: 16401 dist: 000DEC130F7BA4A0
Interaction: SCATTER, Id: 3602
Interaction: SCATTER, Id: 5762
Interaction: SCATTER, Id: 760
Interaction: SURFACE_LEAK, Id: 6081
Advancement, Id: 159818 dist: 0533B39ABFC7C33E
Interaction: SCATTER, Id: 6081
Interaction: SURFACE_LEAK, Id: 2049
Interaction: SCATTER, Id: 2049
Interaction: FISSION, Parent Id: 16401, n:2
DEBUG: After shift, base ID = 131208
  -> Child Created (Immediate), Id: 131209
[TRACE] Id: 131210 Event: FISSION PRODUCT (Bank)
Interaction: FISSION, Parent Id: 16401, n:2
DEBUG: After shift, base ID = 131208
  -> Child Created (Immediate), Id: 131209
[TRACE] Id: 131210 Event: FISSION PRODUCT (Bank)
Interaction: SCATTER, Id: 16401
Interaction: SCATTER, Id: 16401
Interaction: SCATTER, Id: 16401
Interaction: SCATTER, Id: 159818
Advancement, Id: 688 dist: 0008CDC6B4226B38
Advancement, Id: 3602 dist: 0006D0FA624D766F
Advancement, Id: 5762 dist: 008D654965449DDB
Advancement, Id: 760 dist: 000DEC130F7BA4A0
Advancement, Id: 6081 dist: 0004FB1B1951D939
Advancement, Id: 2049 dist: 00346DEC313C80C6
Advancement, Id: 131210 dist: 00036B035C6DF091
Advancement, Id: 131210 dist: 00069336C71AB31D
Advancement, Id: 16401 dist: 00217949B678890B
Advancement, Id: 16401 dist: 0533B39ABFC7C33E
Advancement, Id: 16401 dist: 001976782504B2E9
Advancement, Id: 16401 dist: 0533B39ABFC7C33E
Interaction: FISSION, Parent Id: 688, n:2
DEBUG: After shift, base ID = 5504
  -> Child Created (Immediate), Id: 5505
[TRACE] Id: 5506 Event: FISSION PRODUCT (Bank)
Advancement, Id: 16401 dist: 0533B39ABFC7C33E
Advancement, Id: 16401 dist: 0533B39ABFC7C33E
Interaction: SCATTER, Id: 3602
Interaction: SCATTER, Id: 5762
Advancement, Id: 16401 dist: 0008CDC6B4226B38
Interaction: SCATTER, Id: 760
Interaction: SCATTER, Id: 6081
Interaction: SURFACE_LEAK, Id: 2049
Advancement, Id: 159818 dist: 0533B39ABFC7C33E
Interaction: SCATTER, Id: 131210
Interaction: SCATTER, Id: 131210
Interaction: SCATTER, Id: 16401
Interaction: SCATTER, Id: 16401
Interaction: SCATTER, Id: 16401
Interaction: SCATTER, Id: 16401
Interaction: SCATTER, Id: 16401
Interaction: FISSION, Parent Id: 16401, n:2
DEBUG: After shift, base ID = 131208
  -> Child Created (Immediate), Id: 131209
[TRACE] Id: 131210 Event: FISSION PRODUCT (Bank)
Interaction: FISSION, Parent Id: 16401, n:2
DEBUG: After shift, base ID = 131208
  -> Child Created (Immediate), Id: 131209
[TRACE] Id: 131210 Event: FISSION PRODUCT (Bank)
Interaction: SURFACE_LEAK, Id: 159818
Advancement, Id: 5762 dist: 001976782504B2E9
Advancement, Id: 760 dist: 0533B39ABFC7C33E
Advancement, Id: 760 dist: 0116503EF6F5F2A1
Advancement, Id: 6081 dist: 0533B39ABFC7C33E
Advancement, Id: 6081 dist: 0008CDC6B4226B38
Advancement, Id: 131210 dist: 0006D0FA624D766F
Advancement, Id: 16401 dist: 000DEC130F7BA4A0
Advancement, Id: 16401 dist: 0004FB1B1951D939
Advancement, Id: 16401 dist: 00346DEC313C80C6
Advancement, Id: 131209 dist: 00098476E65092EE
Advancement, Id: 131210 dist: 00036B035C6DF091
Advancement, Id: 131209 dist: 00213EF5D241EE25
Interaction: SCATTER, Id: 5762
Advancement, Id: 131210 dist: 0533B39ABFC7C33E
Interaction: SURFACE_LEAK, Id: 760
Advancement, Id: 131210 dist: 0533B39ABFC7C33E
Interaction: SCATTER, Id: 760
Advancement, Id: 131210 dist: 0533B39ABFC7C33E
Interaction: SURFACE_LEAK, Id: 6081
Advancement, Id: 131210 dist: 0533B39ABFC7C33E
Advancement, Id: 131210 dist: 0533B39ABFC7C33E
Interaction: FISSION, Parent Id: 6081, n:2
DEBUG: After shift, base ID = 48648
  -> Child Created (Immediate), Id: 48649
[TRACE] Id: 48650 Event: FISSION PRODUCT (Bank)
Interaction: SCATTER, Id: 131210
Interaction: SCATTER, Id: 16401
Interaction: SCATTER, Id: 16401
Interaction: SCATTER, Id: 16401
Interaction: ABSORPTION, Id: 131209
Interaction: SCATTER, Id: 131210
Interaction: SCATTER, Id: 131209
Interaction: SCATTER, Id: 131210
Interaction: SCATTER, Id: 131210
Interaction: SCATTER, Id: 131210
Interaction: SCATTER, Id: 131210
Interaction: SCATTER, Id: 131210
Advancement, Id: 760 dist: 00036B035C6DF091
Advancement, Id: 48650 dist: 00069336C71AB31D
Advancement, Id: 131210 dist: 001976782504B2E9
Advancement, Id: 16401 dist: 0533B39ABFC7C33E
Advancement, Id: 16401 dist: 0116503EF6F5F2A1
Advancement, Id: 16401 dist: 0008CDC6B4226B38
Advancement, Id: 131209 dist: 0006D0FA624D766F
Advancement, Id: 131210 dist: 008D654965449DDB
Advancement, Id: 131210 dist: 000DEC130F7BA4A0
Advancement, Id: 131210 dist: 00609FF25E9544AD
Interaction: SCATTER, Id: 760
Advancement, Id: 131210 dist: 0533B39ABFC7C33E
Advancement, Id: 131210 dist: 0533B39ABFC7C33E
Interaction: SCATTER, Id: 48650
Advancement, Id: 131210 dist: 0533B39ABFC7C33E
Advancement, Id: 131210 dist: 0533B39ABFC7C33E
Advancement, Id: 131210 dist: 0533B39ABFC7C33E
Interaction: SCATTER, Id: 131210
Interaction: SURFACE_LEAK, Id: 16401
Interaction: SCATTER, Id: 16401
Interaction: FISSION, Parent Id: 16401, n:2
DEBUG: After shift, base ID = 131208
  -> Child Created (Immediate), Id: 131209
[TRACE] Id: 131210 Event: FISSION PRODUCT (Bank)
Interaction: SCATTER, Id: 131209
Interaction: SCATTER, Id: 131210
Interaction: SCATTER, Id: 131210
Interaction: ABSORPTION, Id: 131210
Interaction: SURFACE_LEAK, Id: 131210
Interaction: SURFACE_LEAK, Id: 131210
Interaction: SURFACE_LEAK, Id: 131210
Interaction: SURFACE_LEAK, Id: 131210
Interaction: SURFACE_LEAK, Id: 131210
Advancement, Id: 48650 dist: 000DEC130F7BA4A0
Advancement, Id: 131210 dist: 0004FB1B1951D939
Advancement, Id: 16401 dist: 00036B035C6DF091
Advancement, Id: 131210 dist: 00069336C71AB31D
Advancement, Id: 131210 dist: 001976782504B2E9
Advancement, Id: 131210 dist: 0533B39ABFC7C33E
Advancement, Id: 131210 dist: 0533B39ABFC7C33E
Advancement, Id: 131210 dist: 0533B39ABFC7C33E
Advancement, Id: 131210 dist: 0533B39ABFC7C33E
Interaction: SCATTER, Id: 48650
Interaction: SCATTER, Id: 131210
Interaction: SCATTER, Id: 16401
Interaction: SCATTER, Id: 131210
Interaction: SCATTER, Id: 131210
Interaction: SCATTER, Id: 131210
Interaction: SCATTER, Id: 131210
Interaction: FISSION, Parent Id: 131210, n:2
DEBUG: After shift, base ID = 1049680
  -> Child Created (Immediate), Id: 1049681
[TRACE] Id: 1049682 Event: FISSION PRODUCT (Bank)
Interaction: FISSION, Parent Id: 131210, n:2
DEBUG: After shift, base ID = 1049680
  -> Child Created (Immediate), Id: 1049681
[TRACE] Id: 1049682 Event: FISSION PRODUCT (Bank)
Advancement, Id: 131210 dist: 0008CDC6B4226B38
Advancement, Id: 16401 dist: 0006D0FA624D766F
Advancement, Id: 131210 dist: 000DEC130F7BA4A0
Advancement, Id: 131210 dist: 0004FB1B1951D939
Advancement, Id: 1049682 dist: 00036B035C6DF091
Advancement, Id: 1049681 dist: 00213EF5D241EE25
Advancement, Id: 1049682 dist: 0533B39ABFC7C33E
Advancement, Id: 1049682 dist: 0533B39ABFC7C33E
Advancement, Id: 1049682 dist: 0533B39ABFC7C33E
Advancement, Id: 1049682 dist: 0533B39ABFC7C33E
Advancement, Id: 1049682 dist: 0533B39ABFC7C33E
Interaction: FISSION, Parent Id: 131210, n:2
DEBUG: After shift, base ID = 1049680
  -> Child Created (Immediate), Id: 1049681
[TRACE] Id: 1049682 Event: FISSION PRODUCT (Bank)
Interaction: SCATTER, Id: 16401
Interaction: SCATTER, Id: 131210
Interaction: SCATTER, Id: 131210
Interaction: SCATTER, Id: 1049682
Interaction: SCATTER, Id: 1049681
Interaction: SCATTER, Id: 1049682
Interaction: SCATTER, Id: 1049682
Interaction: SCATTER, Id: 1049682
Interaction: SCATTER, Id: 1049682
Interaction: SCATTER, Id: 1049682
Advancement, Id: 16401 dist: 001976782504B2E9
Advancement, Id: 131210 dist: 0533B39ABFC7C33E
Advancement, Id: 131210 dist: 0116503EF6F5F2A1
Advancement, Id: 131210 dist: 0008CDC6B4226B38
Advancement, Id: 1049681 dist: 0006D0FA624D766F
Advancement, Id: 1049682 dist: 000DEC130F7BA4A0
Advancement, Id: 1049682 dist: 00609FF25E9544AD
Advancement, Id: 1049682 dist: 0533B39ABFC7C33E
Advancement, Id: 1049682 dist: 0533B39ABFC7C33E
Advancement, Id: 1049682 dist: 0533B39ABFC7C33E
Advancement, Id: 1049682 dist: 0533B39ABFC7C33E
Advancement, Id: 1049682 dist: 0533B39ABFC7C33E
Interaction: SCATTER, Id: 16401
Interaction: SCATTER, Id: 131210
Interaction: SCATTER, Id: 131210
Interaction: FISSION, Parent Id: 131210, n:2
DEBUG: After shift, base ID = 1049680
  -> Child Created (Immediate), Id: 1049681
[TRACE] Id: 1049682 Event: FISSION PRODUCT (Bank)
Interaction: SCATTER, Id: 1049681
Interaction: SCATTER, Id: 1049682
Interaction: ABSORPTION, Id: 1049682
Interaction: SURFACE_LEAK, Id: 1049682
Interaction: SURFACE_LEAK, Id: 1049682
Interaction: SURFACE_LEAK, Id: 1049682
Interaction: SURFACE_LEAK, Id: 1049682
Interaction: SURFACE_LEAK, Id: 1049682
Advancement, Id: 131210 dist: 00036B035C6DF091
Advancement, Id: 1049681 dist: 00213EF5D241EE25
Advancement, Id: 1049682 dist: 00069336C71AB31D
Advancement, Id: 1049681 dist: 001976782504B2E9
Advancement, Id: 1049682 dist: 0533B39ABFC7C33E
Advancement, Id: 1049682 dist: 0533B39ABFC7C33E
Advancement, Id: 1049682 dist: 0533B39ABFC7C33E
Interaction: SCATTER, Id: 131210
Interaction: SCATTER, Id: 1049681
Interaction: SCATTER, Id: 1049682
Interaction: SCATTER, Id: 1049681
Interaction: SCATTER, Id: 1049682
Interaction: SCATTER, Id: 1049682
Interaction: FISSION, Parent Id: 1049682, n:2
DEBUG: After shift, base ID = 8397456
  -> Child Created (Immediate), Id: 8397457
[TRACE] Id: 8397458 Event: FISSION PRODUCT (Bank)
Advancement, Id: 1049682 dist: 000DEC130F7BA4A0
Advancement, Id: 1049681 dist: 00609FF25E9544AD
Advancement, Id: 1049682 dist: 0004FB1B1951D939
Advancement, Id: 1049682 dist: 00036B035C6DF091
Advancement, Id: 8397457 dist: 00213EF5D241EE25
Advancement, Id: 8397458 dist: 0533B39ABFC7C33E
Advancement, Id: 8397458 dist: 0533B39ABFC7C33E
Advancement, Id: 8397458 dist: 0533B39ABFC7C33E
Interaction: SCATTER, Id: 1049682
Interaction: ABSORPTION, Id: 1049681
Interaction: SCATTER, Id: 1049682
Interaction: SCATTER, Id: 1049682
Interaction: SCATTER, Id: 8397457
Interaction: SCATTER, Id: 8397458
Interaction: SCATTER, Id: 8397458
Interaction: SCATTER, Id: 8397458
Advancement, Id: 1049682 dist: 0008CDC6B4226B38
Advancement, Id: 8397457 dist: 0006D0FA624D766F
Advancement, Id: 8397458 dist: 000DEC130F7BA4A0
Advancement, Id: 8397458 dist: 00609FF25E9544AD
Advancement, Id: 8397458 dist: 0533B39ABFC7C33E
Advancement, Id: 8397458 dist: 0533B39ABFC7C33E
Advancement, Id: 8397458 dist: 0533B39ABFC7C33E
Interaction: FISSION, Parent Id: 1049682, n:2
DEBUG: After shift, base ID = 8397456
  -> Child Created (Immediate), Id: 8397457
[TRACE] Id: 8397458 Event: FISSION PRODUCT (Bank)
Interaction: SCATTER, Id: 8397457
Interaction: SCATTER, Id: 8397458
Interaction: ABSORPTION, Id: 8397458
Interaction: SCATTER, Id: 8397458
Interaction: SCATTER, Id: 8397458
Interaction: SCATTER, Id: 8397458
Advancement, Id: 8397457 dist: 001976782504B2E9
Advancement, Id: 8397458 dist: 0533B39ABFC7C33E
Advancement, Id: 8397458 dist: 0116503EF6F5F2A1
Advancement, Id: 8397458 dist: 0008CDC6B4226B38
Advancement, Id: 8397458 dist: 0533B39ABFC7C33E
Advancement, Id: 8397458 dist: 0533B39ABFC7C33E
Advancement, Id: 8397458 dist: 0533B39ABFC7C33E
Interaction: SCATTER, Id: 8397457
Interaction: SCATTER, Id: 8397458
Interaction: SCATTER, Id: 8397458
Interaction: FISSION, Parent Id: 8397458, n:2
DEBUG: After shift, base ID = 67179664
  -> Child Created (Immediate), Id: 67179665
[TRACE] Id: 67179666 Event: FISSION PRODUCT (Bank)
Interaction: SCATTER, Id: 8397458
Interaction: SCATTER, Id: 8397458
Interaction: ABSORPTION, Id: 8397458
Advancement, Id: 8397458 dist: 00036B035C6DF091
Advancement, Id: 67179665 dist: 00213EF5D241EE25
Advancement, Id: 67179666 dist: 00069336C71AB31D
Advancement, Id: 8397458 dist: 001976782504B2E9
Advancement, Id: 8397458 dist: 0533B39ABFC7C33E
Advancement, Id: 8397458 dist: 0533B39ABFC7C33E
Advancement, Id: 8397458 dist: 0533B39ABFC7C33E
Interaction: SCATTER, Id: 8397458
Interaction: SCATTER, Id: 67179665
Interaction: SCATTER, Id: 67179666
Interaction: SCATTER, Id: 8397458
Interaction: SURFACE_LEAK, Id: 8397458
Interaction: SURFACE_LEAK, Id: 8397458
Interaction: SURFACE_LEAK, Id: 8397458
Advancement, Id: 67179666 dist: 000DEC130F7BA4A0
Advancement, Id: 8397458 dist: 0533B39ABFC7C33E
Advancement, Id: 8397458 dist: 0533B39ABFC7C33E
Advancement, Id: 8397458 dist: 0533B39ABFC7C33E
Interaction: SCATTER, Id: 67179666
Interaction: SURFACE_LEAK, Id: 8397458
Interaction: SURFACE_LEAK, Id: 8397458
Interaction: SURFACE_LEAK, Id: 8397458
Advancement, Id: 67179666 dist: 0533B39ABFC7C33E
Interaction: FISSION, Parent Id: 67179666, n:2
DEBUG: After shift, base ID = 537437328
  -> Child Created (Immediate), Id: 537437329
[TRACE] Id: 537437330 Event: FISSION PRODUCT (Bank)
Advancement, Id: 537437330 dist: 0533B39ABFC7C33E
Advancement, Id: 537437330 dist: 0533B39ABFC7C33E
Interaction: SCATTER, Id: 537437330
Interaction: SCATTER, Id: 537437330
Advancement, Id: 537437330 dist: 0533B39ABFC7C33E
Advancement, Id: 537437330 dist: 0533B39ABFC7C33E
Interaction: SURFACE_LEAK, Id: 537437330
Interaction: SURFACE_LEAK, Id: 537437330
./tb_id_immediate:info: simulation stopped by --stop-time @50us
